 >                                                                                             Showing assigned to You  
╭─────────╮╭────────────────╮╭───────────────╮╭─────────────╮╭─────────╮╭────────────────╮╭─────────────╮╭──────────────
│ Details ││ Alerts (error) ││ Notes (error) ││ Cluster (0) ││ SLs (0) ││ LS History (0) ││ Reports (0) ││ PD History (0
│         └┴────────────────┴┴───────────────┴┴─────────────┴┴─────────┴┴────────────────┴┴─────────────┴┴──────────────
│## Incident P1234567                                                                                                  │
│                                                                                                                      │
│Test Alert Firing                                                                                                     │
│                                                                                                                      │
│Service: test-service                                                                                                 │
│Urgency: high                                                                                                         │
│                                                                                                                      │
│                                                                                                                      │
│                                                                                                                      │
│                                                                                                                      │
│                                                                                                                      │
│                                                                                                                      │
│                                                                                                                      │
│                                                                                                                      │
│                                                                                                                      │
│                                                                                                                      │
│                                                                                                                      │
│                                                                                                                      │
│                                                                                                                      │
│                                                                                                                      │
│                                                                                                                      │
│                                                                                                                      │
│                                                                                                                      │
│                                                                                                                      │
│                                                                                                                      │
│                                                                                                                      │
│                                                                                                                      │
│                                                                                                                      │
│                                                                                                                      │
│                                                                                                                      │
│                                                                                                                      │
│                                                                                                                      │
└──────────────────────────────────────────────────────────────────────────────────────────────────────────────────────┘
 h helpesc backctrl+q/ctrl+c quit                                                                                       
 P1234567                                                                                                 dev - dev     