 >                                                                                             Showing assigned to You  
╭──────────────────────────────────────────────────────────────────────────────────────────────────────────────────────╮
│2026-07-14T10:00:00Z [INFO] incident fetched                                                                          │
│2026-07-14T10:00:01Z [DEBUG] cache hit for P1234567                                                                   │
│                                                                                                                      │
│                                                                                                                      │
│                                                                                                                      │
│                                                                                                                      │
│                                                                                                                      │
│                                                                                                                      │
│                                                                                                                      │
│                                                                                                                      │
│                                                                                                                      │
│                                                                                                                      │
│                                                                                                                      │
│                                                                                                                      │
│                                                                                                                      │
│                                                                                                                      │
│                                                                                                                      │
│                                                                                                                      │
│                                                                                                                      │
│                                                                                                                      │
│                                                                                                                      │
│                                                                                                                      │
│                                                                                                                      │
│                                                                                                                      │
│                                                                                                                      │
│                                                                                                                      │
│                                                                                                                      │
│                                                                                                                      │
│                                                                                                                      │
│                                                                                                                      │
│                                                                                                                      │
│                                                                                                                      │
╰──────────────────────────────────────────────────────────────────────────────────────────────────────────────────────╯
                                                                                                                        
                                                                                                                        
 h helpesc backctrl+q/ctrl+c quit                                                                                       
 P1234567                                                                                                 dev - dev     