 >                                                                                             Showing assigned to You  
╭────────────────────────────────────────────────────────────────────────────────────╮                                  
│  ┃ PagerDuty Token                                                                 │                                  
│  ┃ >                                                                               │                                  
│                                                                                    │                                  
│  enter submit                                                                      │                                  
╰────────────────────────────────────────────────────────────────────────────────────╯                                  
                                                                                                                        
                                                                                                                        
                                                                                                                        
                                                                                                                        
                                                                                                                        
                                                                                                                        
                                                                                                                        
                                                                                                                        
                                                                                                                        
                                                                                                                        
                                                                                                                        
                                                                                                                        
                                                                                                                        
                                                                                                                        
                                                                                                                        
                                                                                                                        
                                                                                                                        
                                                                                                                        
                                                                                                                        
                                                                                                                        
                                                                                                                        
                                                                                                                        
                                                                                                                        
                                                                                                                        
                                                                                                                        
                                                                                                                        
                                                                                                                        
                                                                                                                        
                                                                                                                        
                                                                                                                        
                                                                                                                        
 P1234567                                                                                                 dev - dev     