 >                                                                                             Showing assigned to You  
  Select incident to merge P1234567 into (Enter=select, Esc=cancel, t=toggle team):                                     
╭──────────────────────────────────────────────────────────────────────────────────────────────────────────────────────╮
│ •  ID               Summary                                          Service                                         │
│ •  P7654321         Database CPU High                                prod-db                                         │
│                                                                                                                      │
│                                                                                                                      │
│                                                                                                                      │
│                                                                                                                      │
│                                                                                                                      │
│                                                                                                                      │
│                                                                                                                      │
│                                                                                                                      │
│                                                                                                                      │
│                                                                                                                      │
│                                                                                                                      │
│                                                                                                                      │
│                                                                                                                      │
│                                                                                                                      │
│                                                                                                                      │
│                                                                                                                      │
│                                                                                                                      │
│                                                                                                                      │
│                                                                                                                      │
╰──────────────────────────────────────────────────────────────────────────────────────────────────────────────────────╯
                                                                                                                        
                                                                                                                        
                                                                                                                        
                                                                                                                        
                                                                                                                        
                                                                                                                        
                                                                                                                        
                                                                                                                        
                                                                                                                        
                                                                                                                        
                                                                                                                        
                                                                                                                        
 h helpesc backctrl+q/ctrl+c quit                                                                                       
 P1234567                                                                                                 dev - dev     