                                                                                                                        
                                                                                                                        
                                                                                                                        
                                                                                                                        
                                                                                                                        
                                                                                                                        
                                                                                                                        
                                                                                                                        
                                                                                                                        
                                                                                                                        
                                                                                                                        
                                                                                                                        
                                                                                                                        
                                                                                                                        
                                                                                                                        
 ╭────────────────────────────────────────────────────────────────────────────────────────────────────────────────────╮ 
 │                                                                                                                    │ 
 │                                                      Error                                                         │ 
 │                                                                                                                    │ 
 │  failed to fetch incidents: connection refused                                                                     │ 
 │                                                                                                                    │ 
 │                                            esc: back  q/ctrl+c: quit                                               │ 
 │                                                                                                                    │ 
 ╰────────────────────────────────────────────────────────────────────────────────────────────────────────────────────╯ 
                                                                                                                        
                                                                                                                        
                                                                                                                        
                                                                                                                        
                                                                                                                        
                                                                                                                        
                                                                                                                        
                                                                                                                        
                                                                                                                        
                                                                                                                        
                                                                                                                        
                                                                                                                        
                                                                                                                        
                                                                                                                        
                                                                                                                        
                                                                                                                        