 >                                                                                             Showing assigned to You  
  Select cluster to log into (Enter=select, Esc=cancel):                                                                
╭──────────────────────────────────────────────────────────────────────────╮                                            
│ Cluster ID                                Service                        │                                            
│ cluster-abc-123                           test-service                   │                                            
│ cluster-def-456                           prod-db                        │                                            
│                                                                          │                                            
│                                                                          │                                            
│                                                                          │                                            
│                                                                          │                                            
│                                                                          │                                            
│                                                                          │                                            
│                                                                          │                                            
│                                                                          │                                            
│                                                                          │                                            
│                                                                          │                                            
│                                                                          │                                            
│                                                                          │                                            
│                                                                          │                                            
│                                                                          │                                            
│                                                                          │                                            
│                                                                          │                                            
│                                                                          │                                            
│                                                                          │                                            
╰──────────────────────────────────────────────────────────────────────────╯                                            
                                                                                                                        
                                                                                                                        
                                                                                                                        
                                                                                                                        
                                                                                                                        
                                                                                                                        
                                                                                                                        
                                                                                                                        
                                                                                                                        
                                                                                                                        
                                                                                                                        
                                                                                                                        
 h helpesc backctrl+q/ctrl+c quit                                                                                       
 P1234567                                                                                                 dev - dev     