 >                                                                                             Showing assigned to You      
  Agent Chat [P1234567]                                                                                                     
╭──────────────────────────────────────────────────────────────────────────────────────────────────────────────────────╮    
│ 🤖 Hello! How can I help?                                                                                            │    
│                                                                                                                      │    
│                                                                                                                      │    
│                                                                                                                      │    
│                                                                                                                      │    
│                                                                                                                      │    
│                                                                                                                      │    
│                                                                                                                      │    
│                                                                                                                      │    
│                                                                                                                      │    
│                                                                                                                      │    
│                                                                                                                      │    
│                                                                                                                      │    
│                                                                                                                      │    
│                                                                                                                      │    
│                                                                                                                      │    
│                                                                                                                      │    
│                                                                                                                      │    
│                                                                                                                      │    
│                                                                                                                      │    
│                                                                                                                      │    
│                                                                                                                      │    
│                                                                                                                      │    
│                                                                                                                      │    
│                                                                                                                      │    
│                                                                                                                      │    
│                                                                                                                      │    
│                                                                                                                      │    
│                                                                                                                      │    
│                                                                                                                      │    
│                                                                                                                      │    
│                                                                                                                      │    
│                                                                                                                      │    
╰──────────────────────────────────────────────────────────────────────────────────────────────────────────────────────╯    
 >                                                                                                                          
 esc back to queueenter send messagepgup/shift+↑ scroll uppgdn/shift+↓ scroll downctrl+q/ctrl+c quit                        
 P1234567                                                                                                 dev - dev         