 >                                                                                             Showing assigned to You  
╭────────────────────────────────────────────────────────────────────────────────────╮                                  
│  ┃ Select teams                                                                    │                                  
│  ┃ > • SRE Platform                                                                │                                  
│  ┃   • Observability                                                               │                                  
│                                                                                    │                                  
│  x toggle • ↑ up • ↓ down • / filter • enter submit • ctrl+a select all            │                                  
╰────────────────────────────────────────────────────────────────────────────────────╯                                  
                                                                                                                        
                                                                                                                        
                                                                                                                        
                                                                                                                        
                                                                                                                        
                                                                                                                        
                                                                                                                        
                                                                                                                        
                                                                                                                        
                                                                                                                        
                                                                                                                        
                                                                                                                        
                                                                                                                        
                                                                                                                        
                                                                                                                        
                                                                                                                        
                                                                                                                        
                                                                                                                        
                                                                                                                        
                                                                                                                        
                                                                                                                        
                                                                                                                        
                                                                                                                        
                                                                                                                        
                                                                                                                        
                                                                                                                        
                                                                                                                        
                                                                                                                        
                                                                                                                        
 h helpesc backctrl+q/ctrl+c quit                                                                                       
 P1234567                                                                                                 dev - dev     