 >                                                                                             Showing assigned to You  
╭──────────────────────────────────────────────────────────────────────────────────────────────────────────────────────╮
│ •  ID               Summary                                          Service                                         │
│ •  P1234567         Test Alert Firing                                test-service                                    │
│ •  P7654321         Database CPU High                                prod-db                                         │
│                                                                                                                      │
│                                                                                                                      │
│                                                                                                                      │
│                                                                                                                      │
│                                                                                                                      │
│                                                                                                                      │
│                                                                                                                      │
│                                                                                                                      │
│                                                                                                                      │
│                                                                                                                      │
│                                                                                                                      │
│                                                                                                                      │
│                                                                                                                      │
│                                                                                                                      │
│                                                                                                                      │
╰──────────────────────────────────────────────────────────────────────────────────────────────────────────────────────╯
 Watching for updates...  [PAUSED] [high urgency only]                                            [AI Watcher] | idle   
╭──────────────────────────────────────────────────────────────────────────────────────────────────────────────────────╮
│ 📡 **Key Findings:**                                                                                                 │
│ - `etcdMembersDownSRE` is a high-severity control plane alert                                                        │
│ - With ≤3 etcd members, losing even one member threatens quorum                                                      │
│                                                                                                                      │
│                                                                                                                      │
│                                                                                                                      │
│                                                                                                                      │
│                                                                                                                      │
│                                                                                                                      │
╰──────────────────────────────────────────────────────────────────────────────────────────────────────────────────────╯
                                                                                                                        
                                                                                                                        
                                                                                                                        
                                                                                                                        
 h helpesc backctrl+q/ctrl+c quit                                                                                       
 P1234567                                                                                                 dev - dev     