 >                                                                                             Showing assigned to You  
╭────────────────────────────────────────────────────────────────────────────────────╮                                  
│  ┃ Select incidents to silence                                                     │                                  
│  ┃ > • P1234567 - Test Alert                                                       │                                  
│  ┃   • P7654321 - Database CPU                                                     │                                  
│                                                                                    │                                  
│  x toggle • ↑ up • ↓ down • / filter • enter submit • ctrl+a select all            │                                  
╰────────────────────────────────────────────────────────────────────────────────────╯                                  
                                                                                                                        
                                                                                                                        
                                                                                                                        
                                                                                                                        
                                                                                                                        
                                                                                                                        
                                                                                                                        
                                                                                                                        
                                                                                                                        
                                                                                                                        
                                                                                                                        
                                                                                                                        
                                                                                                                        
                                                                                                                        
                                                                                                                        
                                                                                                                        
                                                                                                                        
                                                                                                                        
                                                                                                                        
                                                                                                                        
                                                                                                                        
                                                                                                                        
                                                                                                                        
                                                                                                                        
                                                                                                                        
                                                                                                                        
                                                                                                                        
                                                                                                                        
                                                                                                                        
 h helpesc backctrl+q/ctrl+c quit                                                                                       
 P1234567                                                                                                 dev - dev     